
Memory Configuration

Name             Origin             Length             Attributes
flash            0x08000000         0x00020000         xr
sram             0x02000000         0x00005000         xrw
*default*        0x00000000         0xffffffff

Linker script and memory map


.text           0x08000000      0x1bc
 *(.vectors*)
 .vectors       0x08000000       0x10 startup.o
                0x08000000                vectors
 *(.text)
 .text          0x08000010       0xc4 driver.o
                0x08000010                Delay
                0x08000030                getPressureVal
                0x08000048                Set_Alarm_actuator
                0x08000084                GPIO_INITIALIZATION
 .text          0x080000d4       0x44 main.o
                0x080000d4                main
 .text          0x08000118       0xa4 startup.o
                0x08000118                reset_Handler
                0x080001b0                Default_Handler
                0x080001b0                H_fault_Handler
                0x080001b0                NMI_Handler
 *(.rodata)
                0x080001bc                _E_text = .

.glue_7         0x080001bc        0x0
 .glue_7        0x080001bc        0x0 linker stubs

.glue_7t        0x080001bc        0x0
 .glue_7t       0x080001bc        0x0 linker stubs

.vfp11_veneer   0x080001bc        0x0
 .vfp11_veneer  0x080001bc        0x0 linker stubs

.v4_bx          0x080001bc        0x0
 .v4_bx         0x080001bc        0x0 linker stubs

.iplt           0x080001bc        0x0
 .iplt          0x080001bc        0x0 driver.o

.rel.dyn        0x080001bc        0x0
 .rel.iplt      0x080001bc        0x0 driver.o

.data           0x02000000        0x4 load address 0x080001bc
                0x02000000                _S_data = .
 *(.data)
 .data          0x02000000        0x0 driver.o
 .data          0x02000000        0x4 main.o
                0x02000000                threshold
 .data          0x02000004        0x0 startup.o
                0x02000004                _E_data = .

.igot.plt       0x02000004        0x0 load address 0x080001c0
 .igot.plt      0x02000004        0x0 driver.o

.bss            0x02000004        0x4 load address 0x080001c0
                0x02000004                _S_bss = .
 *(.bss)
 .bss           0x02000004        0x0 driver.o
 .bss           0x02000004        0x4 main.o
                0x02000004                pressure
 .bss           0x02000008        0x0 startup.o
                0x02000008                _E_bss = .
                0x02001008                . = (. + 0x1000)
                0x02001008                _stack_pointer = .
LOAD driver.o
LOAD main.o
LOAD startup.o
OUTPUT(pressureController.elf elf32-littlearm)

.debug_info     0x00000000     0x1579
 .debug_info    0x00000000      0xa05 driver.o
 .debug_info    0x00000a05      0x9cf main.o
 .debug_info    0x000013d4      0x1a5 startup.o

.debug_abbrev   0x00000000      0x457
 .debug_abbrev  0x00000000      0x1de driver.o
 .debug_abbrev  0x000001de      0x1a5 main.o
 .debug_abbrev  0x00000383       0xd4 startup.o

.debug_loc      0x00000000      0x1e8
 .debug_loc     0x00000000      0x140 driver.o
 .debug_loc     0x00000140       0x2c main.o
 .debug_loc     0x0000016c       0x7c startup.o

.debug_aranges  0x00000000       0x60
 .debug_aranges
                0x00000000       0x20 driver.o
 .debug_aranges
                0x00000020       0x20 main.o
 .debug_aranges
                0x00000040       0x20 startup.o

.debug_line     0x00000000      0x429
 .debug_line    0x00000000      0x1b9 driver.o
 .debug_line    0x000001b9      0x125 main.o
 .debug_line    0x000002de      0x14b startup.o

.debug_str      0x00000000      0x5f2
 .debug_str     0x00000000      0x537 driver.o
                                0x5a4 (size before relaxing)
 .debug_str     0x00000537       0x2b main.o
                                0x56f (size before relaxing)
 .debug_str     0x00000562       0x90 startup.o
                                0x203 (size before relaxing)

.comment        0x00000000       0x7e
 .comment       0x00000000       0x7e driver.o
                                 0x7f (size before relaxing)
 .comment       0x0000007e       0x7f main.o
 .comment       0x0000007e       0x7f startup.o

.ARM.attributes
                0x00000000       0x33
 .ARM.attributes
                0x00000000       0x33 driver.o
 .ARM.attributes
                0x00000033       0x33 main.o
 .ARM.attributes
                0x00000066       0x33 startup.o

.debug_frame    0x00000000      0x11c
 .debug_frame   0x00000000       0xa0 driver.o
 .debug_frame   0x000000a0       0x2c main.o
 .debug_frame   0x000000cc       0x50 startup.o
