
Memory Configuration

Name             Origin             Length             Attributes
flash            0x08000000         0x00020000         xr
sram             0x02000000         0x00005000         xrw
*default*        0x00000000         0xffffffff

Linker script and memory map


.text           0x08000000      0x1a8
 *(.vectors*)
 .vectors       0x08000000       0x10 startup.o
                0x08000000                vectors
 *(.text)
 .text          0x08000010       0xc4 driver.o
                0x08000010                Delay
                0x08000030                getPressureVal
                0x08000048                Set_Alarm_actuator
                0x08000084                GPIO_INITIALIZATION
 .text          0x080000d4       0x2e main.o
                0x080000d4                main
 *fill*         0x08000102        0x2 
 .text          0x08000104       0xa4 startup.o
                0x08000104                reset_Handler
                0x0800019c                Default_Handler
                0x0800019c                H_fault_Handler
                0x0800019c                NMI_Handler
 *(.rodata)
                0x080001a8                _E_text = .

.glue_7         0x080001a8        0x0
 .glue_7        0x080001a8        0x0 linker stubs

.glue_7t        0x080001a8        0x0
 .glue_7t       0x080001a8        0x0 linker stubs

.vfp11_veneer   0x080001a8        0x0
 .vfp11_veneer  0x080001a8        0x0 linker stubs

.v4_bx          0x080001a8        0x0
 .v4_bx         0x080001a8        0x0 linker stubs

.iplt           0x080001a8        0x0
 .iplt          0x080001a8        0x0 driver.o

.rel.dyn        0x080001a8        0x0
 .rel.iplt      0x080001a8        0x0 driver.o

.data           0x02000000        0x0 load address 0x080001a8
                0x02000000                _S_data = .
 *(.data)
 .data          0x02000000        0x0 driver.o
 .data          0x02000000        0x0 main.o
 .data          0x02000000        0x0 startup.o
                0x02000000                _E_data = .

.igot.plt       0x02000000        0x0 load address 0x080001a8
 .igot.plt      0x02000000        0x0 driver.o

.bss            0x02000000        0x0 load address 0x080001a8
                0x02000000                _S_bss = .
 *(.bss)
 .bss           0x02000000        0x0 driver.o
 .bss           0x02000000        0x0 main.o
 .bss           0x02000000        0x0 startup.o
                0x02000000                _E_bss = .
                0x02001000                . = (. + 0x1000)
                0x02001000                _stack_pointer = .
LOAD driver.o
LOAD main.o
LOAD startup.o
OUTPUT(pressureController.elf elf32-littlearm)

.debug_info     0x00000000     0x1538
 .debug_info    0x00000000      0xa05 driver.o
 .debug_info    0x00000a05      0x98e main.o
 .debug_info    0x00001393      0x1a5 startup.o

.debug_abbrev   0x00000000      0x42a
 .debug_abbrev  0x00000000      0x1de driver.o
 .debug_abbrev  0x000001de      0x178 main.o
 .debug_abbrev  0x00000356       0xd4 startup.o

.debug_loc      0x00000000      0x1e8
 .debug_loc     0x00000000      0x140 driver.o
 .debug_loc     0x00000140       0x2c main.o
 .debug_loc     0x0000016c       0x7c startup.o

.debug_aranges  0x00000000       0x60
 .debug_aranges
                0x00000000       0x20 driver.o
 .debug_aranges
                0x00000020       0x20 main.o
 .debug_aranges
                0x00000040       0x20 startup.o

.debug_line     0x00000000      0x428
 .debug_line    0x00000000      0x1b9 driver.o
 .debug_line    0x000001b9      0x124 main.o
 .debug_line    0x000002dd      0x14b startup.o

.debug_str      0x00000000      0x5e3
 .debug_str     0x00000000      0x547 driver.o
                                0x5b4 (size before relaxing)
 .debug_str     0x00000547        0xc main.o
                                0x560 (size before relaxing)
 .debug_str     0x00000553       0x90 startup.o
                                0x213 (size before relaxing)

.comment        0x00000000       0x7e
 .comment       0x00000000       0x7e driver.o
                                 0x7f (size before relaxing)
 .comment       0x0000007e       0x7f main.o
 .comment       0x0000007e       0x7f startup.o

.ARM.attributes
                0x00000000       0x33
 .ARM.attributes
                0x00000000       0x33 driver.o
 .ARM.attributes
                0x00000033       0x33 main.o
 .ARM.attributes
                0x00000066       0x33 startup.o

.debug_frame    0x00000000      0x11c
 .debug_frame   0x00000000       0xa0 driver.o
 .debug_frame   0x000000a0       0x2c main.o
 .debug_frame   0x000000cc       0x50 startup.o
