00:23:00 **** Incremental Build of configuration Debug for project Blink13 ****
make -j4 all 
arm-none-eabi-gcc "../Src/main.c" -mcpu=cortex-m3 -std=gnu11 -g3 -DSTM32 -DSTM32F1 -DSTM32F103C6Tx -DDEBUG -c -I../Inc -O0 -ffunction-sections -fdata-sections -Wall -fstack-usage -MMD -MP -MF"Src/main.d" -MT"Src/main.o" --specs=nano.specs -mfloat-abi=soft -mthumb -o "Src/main.o"
arm-none-eabi-gcc -o "Blink13.elf" @"objects.list"   -mcpu=cortex-m3 -T"C:\Users\ALI\Documents\GitHub\Embedded-Practice\Embedded C\lesson1\STM Cube test\Blink13\STM32F103C6TX_FLASH.ld" --specs=nosys.specs -Wl,-Map="Blink13.map" -Wl,--gc-sections -static --specs=nano.specs -mfloat-abi=soft -mthumb -Wl,--start-group -lc -lm -Wl,--end-group
Finished building target: Blink13.elf
 
arm-none-eabi-objdump -h -S  Blink13.elf  > "Blink13.list"
arm-none-eabi-objcopy  -O ihex  Blink13.elf  "Blink13.hex"
arm-none-eabi-objcopy  -O binary  Blink13.elf  "Blink13.bin"
arm-none-eabi-size   Blink13.elf 
   text	   data	    bss	    dec	    hex	filename
    668	     12	   1564	   2244	    8c4	Blink13.elf
Finished building: default.size.stdout
Finished building: Blink13.bin
 
Finished building: Blink13.list
Finished building: Blink13.hex
 
 
 

00:23:02 Build Finished. 0 errors, 0 warnings. (took 1s.220ms)

